node:internal/modules/cjs/loader:1386
  throw err;
  ^

Error: Cannot find module 'dotenv'
Require stack:
- /home/kmghnkkr/domains/team-phoenix.in/Phoenix-web/server.js
- /usr/local/lsws/fcgi-bin/lsnode.js
    at Module._resolveFilename (node:internal/modules/cjs/loader:1383:15)
    at defaultResolveImpl (node:internal/modules/cjs/loader:1025:19)
    at resolveForCJSWithHooks (node:internal/modules/cjs/loader:1030:22)
    at Module._load (node:internal/modules/cjs/loader:1192:37)
    at TracingChannel.traceSync (node:diagnostics_channel:328:14)
    at wrapModuleLoad (node:internal/modules/cjs/loader:237:24)
    at Module.require (node:internal/modules/cjs/loader:1463:12)
    at require (node:internal/modules/helpers:147:16)
    at Object.<anonymous> (/home/kmghnkkr/domains/team-phoenix.in/Phoenix-web/server.js:1:1)
    at Module._compile (node:internal/modules/cjs/loader:1705:14) {
  code: 'MODULE_NOT_FOUND',
  requireStack: [
    '/home/kmghnkkr/domains/team-phoenix.in/Phoenix-web/server.js',
    '/usr/local/lsws/fcgi-bin/lsnode.js'
  ]
}

Node.js v22.22.2
❌ MySQL connection failed: Access denied for user 'root'@'localhost' (using password: YES)
   Make sure your .env credentials are correct and MySQL is running.
❌ MySQL connection failed: Access denied for user 'root'@'localhost' (using password: YES)
   Make sure your .env credentials are correct and MySQL is running.
❌ MySQL connection failed: Access denied for user 'root'@'localhost' (using password: YES)
   Make sure your .env credentials are correct and MySQL is running.
❌ MySQL connection failed: Access denied for user 'root'@'localhost' (using password: YES)
   Make sure your .env credentials are correct and MySQL is running.
❌ MySQL connection failed: Access denied for user 'root'@'localhost' (using password: YES)
   Make sure your .env credentials are correct and MySQL is running.
❌ MySQL connection failed: Access denied for user 'root'@'localhost' (using password: YES)
   Make sure your .env credentials are correct and MySQL is running.
❌ MySQL connection failed: Access denied for user 'root'@'localhost' (using password: YES)
   Make sure your .env credentials are correct and MySQL is running.
❌ MySQL connection failed: Access denied for user 'root'@'localhost' (using password: YES)
   Make sure your .env credentials are correct and MySQL is running.
(node:3402537) DeprecationWarning: The ready event has been renamed to clientReady to distinguish it from the gateway READY event and will only emit under that name in v15. Please use clientReady instead.
(Use `node --trace-deprecation ...` to show where the warning was created)
(node:3624746) DeprecationWarning: The ready event has been renamed to clientReady to distinguish it from the gateway READY event and will only emit under that name in v15. Please use clientReady instead.
(Use `node --trace-deprecation ...` to show where the warning was created)
(node:3634907) DeprecationWarning: The ready event has been renamed to clientReady to distinguish it from the gateway READY event and will only emit under that name in v15. Please use clientReady instead.
(Use `node --trace-deprecation ...` to show where the warning was created)
(node:1634130) DeprecationWarning: The ready event has been renamed to clientReady to distinguish it from the gateway READY event and will only emit under that name in v15. Please use clientReady instead.
(Use `node --trace-deprecation ...` to show where the warning was created)
(node:2134771) DeprecationWarning: The ready event has been renamed to clientReady to distinguish it from the gateway READY event and will only emit under that name in v15. Please use clientReady instead.
(Use `node --trace-deprecation ...` to show where the warning was created)
(node:2139400) DeprecationWarning: The ready event has been renamed to clientReady to distinguish it from the gateway READY event and will only emit under that name in v15. Please use clientReady instead.
(Use `node --trace-deprecation ...` to show where the warning was created)
(node:3556789) DeprecationWarning: The ready event has been renamed to clientReady to distinguish it from the gateway READY event and will only emit under that name in v15. Please use clientReady instead.
(Use `node --trace-deprecation ...` to show where the warning was created)
(node:304346) DeprecationWarning: The ready event has been renamed to clientReady to distinguish it from the gateway READY event and will only emit under that name in v15. Please use clientReady instead.
(Use `node --trace-deprecation ...` to show where the warning was created)
(node:388379) DeprecationWarning: The ready event has been renamed to clientReady to distinguish it from the gateway READY event and will only emit under that name in v15. Please use clientReady instead.
(Use `node --trace-deprecation ...` to show where the warning was created)
(node:469439) DeprecationWarning: The ready event has been renamed to clientReady to distinguish it from the gateway READY event and will only emit under that name in v15. Please use clientReady instead.
(Use `node --trace-deprecation ...` to show where the warning was created)
(node:985565) DeprecationWarning: The ready event has been renamed to clientReady to distinguish it from the gateway READY event and will only emit under that name in v15. Please use clientReady instead.
(Use `node --trace-deprecation ...` to show where the warning was created)
(node:3301418) DeprecationWarning: The ready event has been renamed to clientReady to distinguish it from the gateway READY event and will only emit under that name in v15. Please use clientReady instead.
(Use `node --trace-deprecation ...` to show where the warning was created)
(node:1417128) DeprecationWarning: The ready event has been renamed to clientReady to distinguish it from the gateway READY event and will only emit under that name in v15. Please use clientReady instead.
(Use `node --trace-deprecation ...` to show where the warning was created)
(node:2777404) DeprecationWarning: The ready event has been renamed to clientReady to distinguish it from the gateway READY event and will only emit under that name in v15. Please use clientReady instead.
(Use `node --trace-deprecation ...` to show where the warning was created)
(node:3778716) DeprecationWarning: The ready event has been renamed to clientReady to distinguish it from the gateway READY event and will only emit under that name in v15. Please use clientReady instead.
(Use `node --trace-deprecation ...` to show where the warning was created)
(node:4170868) DeprecationWarning: The ready event has been renamed to clientReady to distinguish it from the gateway READY event and will only emit under that name in v15. Please use clientReady instead.
(Use `node --trace-deprecation ...` to show where the warning was created)
❌ MySQL connection failed: Access denied for user 'root'@'localhost' (using password: YES)
   Make sure your .env credentials are correct and MySQL is running.
❌ MySQL connection failed: Access denied for user 'root'@'localhost' (using password: YES)
   Make sure your .env credentials are correct and MySQL is running.
❌ MySQL connection failed: Access denied for user 'root'@'localhost' (using password: YES)
   Make sure your .env credentials are correct and MySQL is running.
❌ MySQL connection failed: Access denied for user 'root'@'localhost' (using password: YES)
   Make sure your .env credentials are correct and MySQL is running.
(node:725412) DeprecationWarning: The ready event has been renamed to clientReady to distinguish it from the gateway READY event and will only emit under that name in v15. Please use clientReady instead.
(Use `node --trace-deprecation ...` to show where the warning was created)
(node:956691) DeprecationWarning: The ready event has been renamed to clientReady to distinguish it from the gateway READY event and will only emit under that name in v15. Please use clientReady instead.
(Use `node --trace-deprecation ...` to show where the warning was created)
(node:1032827) DeprecationWarning: The ready event has been renamed to clientReady to distinguish it from the gateway READY event and will only emit under that name in v15. Please use clientReady instead.
(Use `node --trace-deprecation ...` to show where the warning was created)
Failed to assign Discord role: Missing Permissions
(node:1324949) DeprecationWarning: The ready event has been renamed to clientReady to distinguish it from the gateway READY event and will only emit under that name in v15. Please use clientReady instead.
(Use `node --trace-deprecation ...` to show where the warning was created)
(node:1325443) DeprecationWarning: The ready event has been renamed to clientReady to distinguish it from the gateway READY event and will only emit under that name in v15. Please use clientReady instead.
(Use `node --trace-deprecation ...` to show where the warning was created)
